== arithmetic ==
11.000000
16.000000
8.000000
5.000000
== variables ==
10.000000
15.000000
30.000000
== if/else ==
small
== while ==
3.000000
2.000000
1.000000
== for ==
0.000000
1.000000
2.000000
done
== functions ==
Hello, World
5.000000
10.000000
== chaining ==
Hi, Dear Reader!
6.000000
