Token: CLASS class 1
Token: LEFT_BRACE { 1
Token: RIGHT_BRACE } 1
Token: VAR var 2
Token: EQUAL = 2
Token: LEFT_PAREN ( 2
Token: RIGHT_PAREN ) 2
Token: SEMICOLON ; 2
Token: PRINT print 3
Token: SEMICOLON ; 3
Token: CLASS class 5
Token: LEFT_BRACE { 5
Token: IDENTIFIER eat 6
Token: LEFT_PAREN ( 6
Token: RIGHT_PAREN ) 6
Token: LEFT_BRACE { 6
Token: PRINT print 7
Token: STRING "Crunch crunch crunch!" 7
Token: SEMICOLON ; 7
Token: RIGHT_BRACE } 8
Token: RIGHT_BRACE } 9
Token: LEFT_PAREN ( 11
Token: RIGHT_PAREN ) 11
Token: DOT . 11
Token: IDENTIFIER eat 11
Token: LEFT_PAREN ( 11
Token: RIGHT_PAREN ) 11
Token: SEMICOLON ; 11
Token: CLASS class 14
Token: LEFT_BRACE { 14
Token: LEFT_PAREN ( 15
Token: RIGHT_PAREN ) 15
Token: LEFT_BRACE { 15
Token: IDENTIFIER fun 16
Token: LEFT_PAREN ( 16
Token: RIGHT_PAREN ) 16
Token: LEFT_BRACE { 16
Token: PRINT print 17
Token: THIS this 17
Token: SEMICOLON ; 17
Token: RIGHT_BRACE } 18
Token: RETURN return 20
Token: SEMICOLON ; 20
Token: RIGHT_BRACE } 21
Token: RIGHT_BRACE } 22
Token: VAR var 24
Token: IDENTIFIER callback 24
Token: EQUAL = 24
Token: LEFT_PAREN ( 24
Token: RIGHT_PAREN ) 24
Token: DOT . 24
Token: LEFT_PAREN ( 24
Token: RIGHT_PAREN ) 24
Token: SEMICOLON ; 24
Token: IDENTIFIER callback 25
Token: LEFT_PAREN ( 25
Token: RIGHT_PAREN ) 25
Token: SEMICOLON ; 25
Token: CLASS class 28
Token: LEFT_BRACE { 28
Token: LEFT_PAREN ( 29
Token: RIGHT_PAREN ) 29
Token: LEFT_BRACE { 29
Token: VAR var 30
Token: IDENTIFIER adjective 30
Token: EQUAL = 30
Token: STRING "delicious" 30
Token: SEMICOLON ; 30
Token: PRINT print 31
Token: STRING "The " 31
Token: PLUS + 31
Token: THIS this 31
Token: DOT . 31
Token: PLUS + 31
Token: STRING " cake is " 31
Token: PLUS + 31
Token: IDENTIFIER adjective 31
Token: PLUS + 31
Token: STRING "!" 31
Token: SEMICOLON ; 31
Token: RIGHT_BRACE } 32
Token: RIGHT_BRACE } 33
Token: VAR var 35
Token: IDENTIFIER cake 35
Token: EQUAL = 35
Token: LEFT_PAREN ( 35
Token: RIGHT_PAREN ) 35
Token: SEMICOLON ; 35
Token: IDENTIFIER cake 36
Token: DOT . 36
Token: EQUAL = 36
Token: STRING "German chocolate" 36
Token: SEMICOLON ; 36
Token: IDENTIFIER cake 37
Token: DOT . 37
Token: LEFT_PAREN ( 37
Token: RIGHT_PAREN ) 37
Token: SEMICOLON ; 37
Token: EOF  37
